_gcry_digest_spec_crc24_rfc2440
+gcry_crc
_gcry_digest_spec_crc32
+gcry_crc
_gcry_digest_spec_crc32_rfc1510
+gcry_crc
_gcry_digest_spec_md4
+gcry_md4
_gcry_digest_spec_md5
+gcry_md5
-xnu_uuid
_gcry_digest_spec_rmd160
+gcry_rmd160
_gcry_digest_spec_sha1
+gcry_sha1
_gcry_digest_spec_sha224
+gcry_sha256
_gcry_digest_spec_sha256
+gcry_sha256
_gcry_digest_spec_sha384
+gcry_sha512
_gcry_digest_spec_sha512
+gcry_sha512
-password_pbkdf2
_gcry_digest_spec_tiger
+gcry_tiger
_gcry_digest_spec_whirlpool
+gcry_whirlpool
grub_abort
+kernel
-regexp
grub_acpi_get_rsdpv1
+acpi
-efiemu
grub_acpi_get_rsdpv2
+acpi
-efiemu
grub_aout_get_type
+aout
-bsd
grub_aout_load
+aout
-bsd
grub_arg_show_help
+extcmd
-help
grub_ata_pio_read
+ata
-ata_pthru
grub_ata_wait_drq
+ata
grub_ata_wait_not_busy
+ata
-ata_pthru
grub_auth_authenticate
+lib
-password
-password_pbkdf2
grub_auth_check_password
+lib
-nmenu
-widget
grub_auth_register_authentication
+lib
-password
-password_pbkdf2
grub_autolist_font
+lib
-font
-normal
grub_autolist_load
+lib
-normal
grub_biosdisk_check_int13_extensions
+kernel
-biosdisk
grub_biosdisk_geom
+biosdisk
-geom
grub_biosdisk_get_cdinfo_int13_extensions
+kernel
-biosdisk
grub_biosdisk_get_diskinfo_int13_extensions
+kernel
-biosdisk
grub_biosdisk_get_diskinfo_standard
+kernel
-biosdisk
grub_biosdisk_get_num_floppies
+kernel
-biosdisk
grub_biosdisk_num
+biosdisk
-geom
grub_biosdisk_reset
+kernel
-biosdisk
grub_biosdisk_rw_int13_extensions
+kernel
-biosdisk
grub_biosdisk_rw_standard
+kernel
-biosdisk
grub_blocklist_convert
+kernel
-dd
-linux16
-loopback
-lua
grub_blocklist_write
+kernel
-dd
-loopback
-lua
grub_boot_drive
+kernel
-biosdisk
grub_bss_end
-kernel
grub_bss_start
-kernel
grub_buffile_open
+bufio
-font
-jpeg
-png
-tga
grub_bufio_open
+bufio
-pxe
grub_burn_stack
+crypto
-gcry_arcfour
-gcry_blowfish
-gcry_camellia
-gcry_cast5
-gcry_des
-gcry_md4
-gcry_md5
-gcry_rijndael
-gcry_rmd160
-gcry_seed
-gcry_serpent
-gcry_sha1
-gcry_sha256
-gcry_sha512
-gcry_tiger
-gcry_twofish
grub_byte_checksum
+acpi
-efiemu
grub_chainloader_real_boot
+kernel
-chain
grub_checkkey
+kernel
-cat
-lua
-nmenu
-play
-sleep
-widget
grub_cipher_register
+crypto
-gcry_arcfour
-gcry_blowfish
-gcry_camellia
-gcry_cast5
-gcry_des
-gcry_rfc2268
-gcry_rijndael
-gcry_seed
-gcry_serpent
-gcry_twofish
grub_cipher_unregister
+crypto
-gcry_arcfour
-gcry_blowfish
-gcry_camellia
-gcry_cast5
-gcry_des
-gcry_rfc2268
-gcry_rijndael
-gcry_seed
-gcry_serpent
-gcry_twofish
grub_cls
+kernel
-configfile
-lua
-minicmd
-nmenu
grub_command_list
+kernel
-emenu
-help
-lib
-lua
-minicmd
-nmenu
-normal
-sh
-time
-widget
grub_complete
+lib
-coreui
-nmenu
grub_controller_class
+kernel
-emenu
-lib
-nmenu
grub_cpuid_has_longmode
+cpuid
-bsd
grub_crypto_autoload_hook
+crypto
-normal
grub_crypto_gcry_error
+crypto
-password_pbkdf2
grub_crypto_hmac_buffer
+crypto
-pbkdf2
grub_crypto_lookup_md_by_name
+crypto
-hashsum
grub_crypto_memcmp
+crypto
-hashsum
-password
-password_pbkdf2
grub_crypto_pbkdf2
+pbkdf2
-password_pbkdf2
grub_current_context
+kernel
-lib
grub_current_menu
+kernel
-lib
grub_device_close
+kernel
-boot
-bsd
-chain
-drivemap
-gptsync
-lib
-loadbin
-ls
-lua
-minicmd
-multiboot
-multiboot2
-parttool
-search_fs_uuid
-search_label
-test
-xnu
grub_device_iterate
+kernel
-ls
-lua
-lvm
-raid
-search_fs_file
-search_fs_uuid
-search_label
grub_device_open
+kernel
-boot
-bsd
-chain
-drivemap
-gptsync
-lib
-loadbin
-ls
-lua
-minicmd
-multiboot
-multiboot2
-parttool
-probe
-search_fs_uuid
-search_label
-test
-xnu
grub_dialog_create
+widget
-emenu
grub_dialog_free
+widget
-emenu
grub_dialog_get_parm
+widget
-emenu
grub_dialog_message
+widget
grub_dialog_password
+widget
grub_dialog_popup
+widget
-emenu
grub_dialog_set_parm
+widget
-emenu
grub_dialog_update_screen
+widget
-emenu
grub_disk_ata_pass_through
+kernel
-ata_pthru
-hdparm
grub_disk_close
+kernel
-hdparm
-lvm
-raid
grub_disk_dev_iterate
+kernel
-lib
grub_disk_dev_register
+kernel
-ata
-biosdisk
-loopback
-lvm
-memdisk
-pxe
-raid
-scsi
grub_disk_dev_unregister
+kernel
-ata
-biosdisk
-loopback
-lvm
-memdisk
-pxe
-raid
-scsi
grub_disk_firmware_fini
+kernel
-ata
-biosdisk
grub_disk_firmware_is_tainted
+kernel
-ata
-biosdisk
grub_disk_get_size
+kernel
-dm_nv
-mdraid
grub_disk_open
+kernel
-hdparm
-lvm
-raid
grub_disk_read
+kernel
-affs
-afs
-afs_be
-befs
-befs_be
-chain
-cpio
-dm_nv
-ext2
-fat
-fb
-gptsync
-hfs
-hfsplus
-iso9660
-jfs
-loadbin
-loadenv
-lvm
-mdraid
-minix
-msdospart
-nilfs2
-ntfs
-ntfscomp
-part_acorn
-part_amiga
-part_apple
-part_bsd
-part_gpt
-part_msdos
-part_sun
-part_sunpc
-raid
-raid5rec
-raid6rec
-reiserfs
-sfs
-tar
-udf
-ufs1
-ufs2
-xfs
grub_disk_read_ex
+kernel
-fat
-fb
-fshelp
-iso9660
grub_disk_write
+kernel
-gptsync
-loadenv
-msdospart
grub_divmod64
+kernel
-affs
-afs
-afs_be
-biosdisk
-bufio
-ls
-lvm
-nilfs2
-ntfs
-pxe
-raid
-scsi
-xnu
grub_dl_get
+kernel
-minicmd
-normal
grub_dl_iterate
+kernel
-minicmd
grub_dl_load
+kernel
-normal
-parttool
-terminal
grub_dl_load_file
+kernel
grub_dl_ref
+kernel
-affs
-afs
-afs_be
-befs
-befs_be
-bsd
-chain
-cpio
-ext2
-fat
-hfs
-hfsplus
-iso9660
-jfs
-linux
-linux16
-loadbin
-multiboot
-multiboot2
-nilfs2
-normal
-ntfs
-parttool
-password
-password_pbkdf2
-reiserfs
-sfs
-tar
-terminal
-udf
-ufs1
-ufs2
-xfs
-xnu
grub_dl_register_symbol
+kernel
grub_dl_unload
+kernel
-minicmd
grub_dl_unref
+kernel
-affs
-afs
-afs_be
-befs
-befs_be
-bsd
-chain
-cpio
-ext2
-fat
-hfs
-hfsplus
-iso9660
-jfs
-linux
-linux16
-loadbin
-minicmd
-multiboot
-multiboot2
-nilfs2
-ntfs
-parttool
-reiserfs
-sfs
-tar
-udf
-ufs1
-ufs2
-xfs
-xnu
grub_efiemu_exit_boot_services
+efiemu
-xnu
grub_efiemu_finish_boot_services
+efiemu
grub_efiemu_get_memory_map
+efiemu
-xnu
grub_efiemu_prepare
+efiemu
-xnu
grub_efiemu_set_virtual_address_map
+efiemu
-xnu
grub_efiemu_sizeof_uintn_t
+efiemu
-xnu
grub_efiemu_system_table32
+efiemu
-xnu
grub_efiemu_system_table64
+efiemu
-xnu
grub_elf32_load
+elf
-bsd
grub_elf32_size
+elf
grub_elf64_load
+elf
-bsd
grub_elf64_size
+elf
grub_elf_close
+elf
-bsd
grub_elf_file
+elf
-bsd
grub_elf_is_elf32
+elf
-bsd
grub_elf_is_elf64
+elf
-bsd
grub_elf_open
+elf
grub_env_context_close
+lib
-configfile
grub_env_context_open
+lib
-configfile
grub_env_export
+lib
-gettext
-nmenu
-normal
grub_env_find
+kernel
-lib
grub_env_get
+kernel
-boot
-drivemap
-efiemu
-emenu
-font
-gettext
-gfxmenu
-gfxrgn
-gfxterm
-lib
-linux
-loadbin
-loadenv
-lua
-minicmd
-multiboot
-multiboot2
-nmenu
-normal
-parttool
-sh
-vbeinfo
-vbetest
-widget
-xnu
grub_env_iterate
+kernel
-bsd
-efiemu
-xnu
grub_env_set
+kernel
-bsd
-emenu
-iorw
-lib
-linux
-loadenv
-lua
-memrw
-minicmd
-multiboot
-multiboot2
-nmenu
-probe
-pxe
-read
-search_fs_file
-search_fs_uuid
-search_label
-setpci
-sh
-widget
-xnu_uuid
grub_env_unset
+kernel
-datehook
-emenu
-nmenu
grub_err_printf
+kernel
grub_errmsg
+kernel
-lua
grub_errno
+kernel
-acpi
-affs
-afs
-afs_be
-aout
-ata
-ata_pthru
-befs
-befs_be
-biosdisk
-bitmap
-blocklist
-bsd
-bufio
-cat
-chain
-cmp
-coreui
-cpio
-crc
-date
-dd
-dm_nv
-drivemap
-efiemu
-elf
-emenu
-ext2
-extcmd
-fat
-fb
-font
-fshelp
-gettext
-gfxmenu
-gfxrgn
-gfxterm
-gptsync
-gzio
-hashsum
-hdparm
-hfs
-hfsplus
-iso9660
-jfs
-jpeg
-lib
-linux
-linux16
-loadbin
-loadcfg
-loadenv
-loopback
-ls
-lua
-lvm
-mdraid
-minicmd
-minix
-mmap
-msdospart
-multiboot
-multiboot2
-nilfs2
-nmenu
-normal
-ntfs
-ntfscomp
-part_acorn
-part_amiga
-part_apple
-part_bsd
-part_gpt
-part_msdos
-part_sun
-part_sunpc
-parttool
-password
-password_pbkdf2
-png
-pxe
-raid
-raid5rec
-raid6rec
-read
-regexp
-reiserfs
-scsi
-search
-search_fs_file
-search_fs_uuid
-search_label
-setpci
-sfs
-sh
-tar
-terminal
-terminfo
-test
-tga
-time
-udf
-ufs1
-ufs2
-uhci
-usb
-usb_keyboard
-usbms
-vbe
-vbeinfo
-vbetest
-vga
-video
-video_fb
-videotest
-vmenu
-widget
-xfs
-xnu
grub_error
+kernel
-acpi
-affs
-afs
-afs_be
-ata
-ata_pthru
-befs
-befs_be
-biosdisk
-bitmap
-bitmap_scale
-blocklist
-boot
-bsd
-cat
-chain
-cmp
-configfile
-coreui
-cpio
-cpuid
-crc
-crypto
-date
-dd
-dm_nv
-drivemap
-efiemu
-elf
-emenu
-ext2
-extcmd
-fat
-fb
-font
-fshelp
-gettext
-gfxmenu
-gfxrgn
-gfxterm
-gptsync
-gzio
-handler
-hashsum
-hdparm
-hexdump
-hfs
-hfsplus
-iorw
-iso9660
-jfs
-jpeg
-keystatus
-lib
-linux
-linux16
-loadbin
-loadcfg
-loadenv
-loopback
-ls
-lua
-lvm
-mdraid
-memdisk
-memrw
-minicmd
-minix
-mmap
-msdospart
-multiboot
-multiboot2
-nilfs2
-nmenu
-normal
-ntfs
-ntfscomp
-ohci
-part_acorn
-part_amiga
-part_apple
-part_bsd
-part_gpt
-part_msdos
-part_sun
-part_sunpc
-parttool
-password
-password_pbkdf2
-play
-png
-probe
-pxe
-pxecmd
-raid
-raid6rec
-regexp
-reiserfs
-scsi
-search
-search_fs_file
-search_fs_uuid
-search_label
-serial
-setpci
-sfs
-sh
-sleep
-tar
-terminal
-terminfo
-test
-tga
-time
-true
-udf
-ufs1
-ufs2
-uhci
-usb
-usbms
-vbe
-vga
-video
-video_fb
-videotest
-vmenu
-widget
-xfs
-xnu
-xnu_uuid
grub_error_pop
+kernel
-font
-gettext
-gfxmenu
-nmenu
grub_error_push
+kernel
-elf
-font
-gettext
-gfxmenu
-nmenu
-xnu
grub_exit
+kernel
-lua
-minicmd
grub_fatal
+kernel
-gcry_whirlpool
-linux
-lua
-regexp
grub_file_close
+kernel
-acpi
-blocklist
-bsd
-bufio
-cat
-chain
-cmp
-crc
-dd
-efiemu
-elf
-font
-gettext
-gfxmenu
-gzio
-hashsum
-hexdump
-jpeg
-lib
-linux
-linux16
-loadbin
-loadenv
-loopback
-ls
-lua
-minicmd
-multiboot
-multiboot2
-normal
-parttool
-play
-png
-search_fs_file
-test
-tga
-xnu
grub_file_get_device_name
+kernel
-lib
-ls
-lua
-minicmd
-test
-xnu
grub_file_open
+kernel
-blocklist
-bufio
-chain
-crc
-dd
-efiemu
-gfxmenu
-gzio
-hashsum
-hexdump
-lib
-linux
-linux16
-loadbin
-loadenv
-loopback
-ls
-lua
-minicmd
-normal
-parttool
-play
-search_fs_file
-test
-xnu
grub_file_pb_fini
+kernel
-emenu
grub_file_pb_init
+kernel
-emenu
grub_file_pb_read
+kernel
grub_file_pb_show
+kernel
-emenu
grub_file_read
+kernel
-acpi
-aout
-blocklist
-bsd
-cat
-chain
-cmp
-crc
-dd
-efiemu
-elf
-font
-gettext
-gfxmenu
-gzio
-hashsum
-hexdump
-jpeg
-lib
-linux
-linux16
-loadbin
-loadenv
-loopback
-lua
-minicmd
-multiboot
-multiboot2
-play
-png
-tga
-xnu
grub_file_seek
+kernel
-aout
-bsd
-elf
-font
-gettext
-gzio
-jpeg
-linux
-loopback
-lua
-multiboot
-multiboot2
-png
-tga
-xnu
grub_font_draw_glyph
+font
-gfxrgn
-gfxterm
-videotest
grub_font_draw_string
+font
-gfxmenu
-gfxrgn
-videotest
grub_font_get
+font
-gfxmenu
-gfxrgn
-gfxterm
-videotest
grub_font_get_ascent
+font
-gfxmenu
-gfxrgn
-gfxterm
-videotest
grub_font_get_code_width
+font
-gfxrgn
grub_font_get_descent
+font
-gfxmenu
-gfxrgn
-videotest
grub_font_get_glyph
+font
-gfxterm
-videotest
grub_font_get_glyph_with_fallback
+font
-gfxrgn
grub_font_get_height
+font
-gfxrgn
grub_font_get_leading
+font
-videotest
grub_font_get_max_char_height
+font
-gfxterm
grub_font_get_name
+font
grub_font_get_string_width
+font
-gfxmenu
-gfxrgn
grub_free
+kernel
-915resolution
-acpi
-affs
-afs
-afs_be
-ata
-befs
-befs_be
-biosdisk
-bitmap
-boot
-bsd
-bufio
-cmp
-coreui
-cpio
-crypto
-dd
-drivemap
-efiemu
-elf
-emenu
-ext2
-extcmd
-fat
-fb
-font
-fshelp
-functional_test
-gettext
-gfxmenu
-gfxrgn
-gfxterm
-gptsync
-gzio
-hashsum
-help
-hfs
-hfsplus
-iso9660
-jfs
-jpeg
-lib
-linux
-loadbin
-loadenv
-loopback
-ls
-lua
-lvm
-memdisk
-minicmd
-minix
-mmap
-multiboot
-multiboot2
-nilfs2
-nmenu
-normal
-ntfs
-ntfscomp
-ohci
-part_sun
-part_sunpc
-parttool
-password
-password_pbkdf2
-pbkdf2
-png
-probe
-pxe
-raid
-raid5rec
-raid6rec
-read
-regexp
-reiserfs
-relocator
-scsi
-search_fs_file
-search_fs_uuid
-search_label
-sfs
-sh
-tar
-terminfo
-test
-udf
-ufs1
-ufs2
-uhci
-usb
-usbms
-usbtest
-vbe
-vbeinfo
-vga
-video
-video_fb
-vmenu
-widget
-xfs
-xnu
grub_fs_autoload_hook
+kernel
-normal
-search_fs_file
-search_fs_uuid
-search_label
grub_fs_list
+kernel
-affs
-afs
-afs_be
-befs
-befs_be
-cpio
-ext2
-fat
-fb
-hfs
-hfsplus
-iso9660
-jfs
-minix
-nilfs2
-ntfs
-pxe
-reiserfs
-sfs
-tar
-udf
-ufs1
-ufs2
-xfs
grub_fs_probe
+kernel
-gptsync
-lib
-ls
-lua
-minicmd
-probe
-search_fs_uuid
-search_label
-test
-xnu
grub_fshelp_find_file
+fshelp
-affs
-afs
-afs_be
-befs
-befs_be
-ext2
-hfsplus
-iso9660
-nilfs2
-ntfs
-reiserfs
-sfs
-udf
-xfs
grub_fshelp_log2blksize
+fshelp
-hfsplus
-ntfs
grub_fshelp_read_file
+fshelp
-affs
-afs
-afs_be
-befs
-befs_be
-ext2
-hfsplus
-nilfs2
-ntfs
-sfs
-udf
-xfs
grub_get_datetime
+datetime
-date
-datehook
-time
grub_get_mmap_entry
+kernel
grub_get_root_biosnumber
+boot
-bsd
-chain
-drivemap
-loadbin
-multiboot
-multiboot2
grub_get_rtc
+kernel
-play
grub_get_time_ms
+kernel
-nmenu
-sleep
-uhci
-usb_keyboard
-widget
grub_get_weekday
+lib
grub_get_weekday_name
+lib
-date
-datehook
-ls
grub_getcrc32
+lib
-crc
-efiemu
grub_getkey
+kernel
-cat
-crypto
-lib
-lua
-nmenu
-normal
-play
-read
-sleep
-vbetest
-videotest
-widget
-xnu
grub_getkeystatus
+kernel
-keystatus
-lua
grub_getline
+lib
-hashsum
-lua
-normal
-parttool
grub_gettext
+kernel
-extcmd
-gettext
-gfxmenu
-help
-lib
-nmenu
grub_gfxmenu_try_hook
+nmenu
-gfxmenu
grub_gfxterm_decorator_hook
+gfxterm
-gfxmenu
grub_gfxterm_fullscreen
+gfxterm
-gfxmenu
grub_gfxterm_schedule_repaint
+gfxterm
-gfxmenu
grub_gfxterm_set_window
+gfxterm
-gfxmenu
grub_gzfile_open
+gzio
-acpi
-bsd
-cat
-cmp
-elf
-gettext
-multiboot
-multiboot2
-xnu
grub_gzio_open
+gzio
grub_halt
+kernel
-halt
grub_handler_class_list
+kernel
-handler
-normal
grub_handler_register
+kernel
-emenu
-gfxrgn
-lua
-nmenu
-sh
-txtrgn
grub_handler_set_current
+kernel
-handler
-lib
-normal
grub_handler_unregister
+kernel
-emenu
-gfxrgn
-lua
-nmenu
-sh
-txtrgn
grub_history_add
+lib
-coreui
-nmenu
grub_history_get
+lib
-coreui
-nmenu
grub_history_init
+lib
-normal
grub_history_replace
+lib
-coreui
-nmenu
grub_history_used
+lib
-coreui
-nmenu
grub_isprint
+kernel
-cat
-crypto
-minicmd
-nmenu
-read
-regexp
grub_isspace
+kernel
-cat
-coreui
-emenu
-fat
-gfxmenu
-lib
-lua
-lvm
-minicmd
-nmenu
-normal
-regexp
-sh
-video
-widget
grub_linux16_real_boot
+kernel
-linux16
grub_linux_is_bzimage
+kernel
-linux16
grub_linux_prot_size
+kernel
-linux16
grub_linux_real_addr
+kernel
-linux16
grub_linux_tmp_addr
+kernel
-linux16
grub_list_insert
+kernel
grub_list_iterate
+kernel
-functional_test
-handler
-help
-lib
-normal
grub_list_pop
+kernel
-functional_test
-gettext
-normal
grub_list_push
+kernel
-affs
-afs
-afs_be
-at_keyboard
-befs
-befs_be
-coreui
-cpio
-emenu
-ext2
-fat
-fb
-functional_test
-gettext
-gfxterm
-hfs
-hfsplus
-iso9660
-jfs
-lib
-minix
-nilfs2
-normal
-ntfs
-part_acorn
-part_amiga
-part_apple
-part_bsd
-part_gpt
-part_msdos
-part_sun
-part_sunpc
-pxe
-reiserfs
-serial
-sfs
-tar
-terminal
-udf
-ufs1
-ufs2
-usb_keyboard
-vbe
-vga
-vga_text
-widget
-xfs
-xnu
grub_list_remove
+kernel
-affs
-afs
-afs_be
-at_keyboard
-befs
-befs_be
-coreui
-cpio
-emenu
-ext2
-fat
-fb
-font
-functional_test
-gfxterm
-hfs
-hfsplus
-iso9660
-jfs
-lib
-minix
-nilfs2
-ntfs
-part_acorn
-part_amiga
-part_apple
-part_bsd
-part_gpt
-part_msdos
-part_sun
-part_sunpc
-pxe
-reiserfs
-serial
-sfs
-tar
-terminal
-udf
-ufs1
-ufs2
-usb_keyboard
-vbe
-vga
-vga_text
-widget
-xfs
-xnu
grub_loader_is_loaded
+boot
-nmenu
-widget
grub_loader_register_preboot_hook
+boot
-drivemap
-mmap
grub_loader_set
+boot
-bsd
-chain
-linux
-linux16
-loadbin
-multiboot
-multiboot2
-xnu
grub_loader_unregister_preboot_hook
+boot
-drivemap
grub_loader_unset
+boot
-bsd
-multiboot
-multiboot2
grub_longjmp
+setjmp
-lua
grub_machine_fini
+kernel
-boot
grub_machine_mmap_iterate
+kernel
-efiemu
-lsmmap
-mmap
grub_malloc
+kernel
-915resolution
-acpi
-affs
-afs
-afs_be
-ata
-befs
-befs_be
-bitmap
-boot
-bsd
-bufio
-charset
-cmp
-coreui
-cpio
-crypto
-dd
-dm_nv
-drivemap
-efiemu
-elf
-ext2
-extcmd
-fat
-fb
-font
-functional_test
-gettext
-gfxmenu
-gfxterm
-gzio
-hfs
-hfsplus
-iso9660
-jfs
-jpeg
-lib
-loadenv
-loopback
-lua
-lvm
-mdraid
-memdisk
-minix
-mmap
-multiboot
-multiboot2
-nilfs2
-nmenu
-normal
-ntfs
-ntfscomp
-ohci
-parttool
-password_pbkdf2
-pbkdf2
-png
-pxe
-raid
-raid5rec
-read
-regexp
-reiserfs
-relocator
-scsi
-sfs
-sh
-tar
-udf
-ufs1
-ufs2
-usb
-usbtest
-vbe
-vbeinfo
-vga
-video_fb
-vmenu
-widget
-xfs
-xnu
grub_md_register
+crypto
-gcry_crc
-gcry_md4
-gcry_md5
-gcry_rmd160
-gcry_sha1
-gcry_sha256
-gcry_sha512
-gcry_tiger
-gcry_whirlpool
grub_md_unregister
+crypto
-gcry_crc
-gcry_md4
-gcry_md5
-gcry_rmd160
-gcry_sha1
-gcry_sha256
-gcry_sha512
-gcry_tiger
-gcry_whirlpool
grub_memalign
+kernel
-efiemu
-mmap
-multiboot
-multiboot2
-ohci
-uhci
grub_memcmp
+kernel
-acpi
-bsd
-cpio
-dd
-dm_nv
-efiemu
-fb
-font
-gcry_des
-gcry_serpent
-lib
-linux
-linux16
-loadenv
-lua
-lvm
-ntfs
-part_gpt
-password_pbkdf2
-png
-raid
-regexp
-reiserfs
-setpci
-tar
-test
-udf
-video
-widget
-xnu
grub_memmove
+kernel
-acpi
-afs
-afs_be
-befs
-befs_be
-biosdisk
-bsd
-bufio
-coreui
-crypto
-dm_nv
-drivemap
-efiemu
-ext2
-fat
-fb
-font
-gcry_camellia
-gcry_md4
-gcry_md5
-gcry_rijndael
-gcry_rmd160
-gcry_tiger
-gcry_whirlpool
-gfxmenu
-gfxterm
-gzio
-hashsum
-hfs
-hfsplus
-iso9660
-lib
-linux
-linux16
-loadbin
-loadenv
-lua
-lvm
-mdraid
-memdisk
-mmap
-multiboot
-multiboot2
-nilfs2
-nmenu
-ntfs
-ntfscomp
-parttool
-password
-pbkdf2
-pxe
-raid6rec
-regexp
-reiserfs
-relocator
-relocator16
-serial
-sh
-udf
-usbms
-vbe
-vbeinfo
-vga
-video_fb
-vmenu
-xfs
-xnu
grub_memset
+kernel
-915resolution
-acpi
-affs
-afs
-afs_be
-aout
-befs
-befs_be
-biosdisk
-bsd
-coreui
-cpio
-crypto
-date
-efiemu
-elf
-ext2
-fat
-fb
-font
-fshelp
-gcry_arcfour
-gcry_cast5
-gcry_md4
-gcry_md5
-gcry_rmd160
-gcry_sha1
-gcry_sha256
-gcry_sha512
-gcry_tiger
-gcry_whirlpool
-gfxterm
-gptsync
-gzio
-hashsum
-hdparm
-hfs
-hfsplus
-iso9660
-jfs
-jpeg
-linux
-linux16
-loadenv
-loopback
-ls
-minix
-mmap
-multiboot
-multiboot2
-nilfs2
-nmenu
-ntfs
-ntfscomp
-pbkdf2
-png
-raid
-raid5rec
-regexp
-reiserfs
-scsi
-sfs
-sh
-tar
-terminfo
-test
-udf
-ufs1
-ufs2
-usbms
-vbe
-vbetest
-video
-video_fb
-widget
-xfs
-xnu
grub_menu_entry_add
+lib
-lua
-sh
grub_menu_execute
+lib
-configfile
-normal
grub_menu_execute_entry
+nmenu
grub_menu_execute_with_fallback
+nmenu
grub_menu_get_entry
+nmenu
-gfxmenu
grub_menu_get_timeout
+nmenu
grub_menu_key2name
+lib
-lua
-widget
grub_menu_name2key
+lib
-lua
-widget
grub_menu_next_field
+widget
-coreui
-emenu
grub_menu_parse_bitmap
+widget
-coreui
grub_menu_parse_color
+widget
-coreui
grub_menu_parse_size
+widget
-coreui
grub_menu_region_add_update
+widget
-coreui
grub_menu_region_apply_update
+widget
-coreui
-emenu
grub_menu_region_check_rect
+widget
-coreui
grub_menu_region_class
+widget
-coreui
-emenu
-gfxrgn
-txtrgn
grub_menu_region_create_bitmap
+widget
grub_menu_region_create_rect
+widget
-coreui
grub_menu_region_create_text
+widget
-coreui
grub_menu_region_free
+widget
-coreui
grub_menu_region_scale
+widget
-coreui
grub_menu_region_text_term
+widget
-emenu
-txtrgn
grub_menu_register_viewer
+nmenu
-gfxmenu
grub_menu_restore_field
+widget
-coreui
-emenu
grub_menu_set_timeout
+nmenu
grub_millisleep
+kernel
-ata
-lib
-nmenu
-ohci
-sleep
-uhci
grub_mmap_free_and_unregister
+mmap
-acpi
-drivemap
grub_mmap_get_lower
+mmap
-bsd
-linux16
-multiboot
-multiboot2
grub_mmap_get_upper
+mmap
-bsd
-linux16
-multiboot
-multiboot2
grub_mmap_high
+kernel
-linux16
-mmap
grub_mmap_iterate
+mmap
-acpi
-bsd
-linux
-multiboot
-multiboot2
grub_mmap_malign_and_register
+mmap
-acpi
-drivemap
grub_mmap_register
+mmap
-acpi
grub_mmap_unregister
+mmap
-acpi
grub_modinfo
-kernel
grub_module_iterate
+kernel
-memdisk
grub_named_list_find
+kernel
-emenu
-font
-functional_test
-gettext
-handler
-lib
-lua
-nmenu
-normal
-sh
-time
-widget
-xnu
grub_newline_hook
+kernel
-normal
grub_normal_exit_level
+normal
-nmenu
grub_normal_get_line_counter
+normal
-nmenu
grub_ntfs_read_run_list
+ntfs
-ntfscomp
grub_ntfscomp_func
+ntfs
-ntfscomp
grub_os_area_addr
+kernel
-bsd
-linux
grub_os_area_size
+kernel
-bsd
-linux
-linux16
grub_parser_class
+kernel
-lib
-lua
-nmenu
-sh
grub_parser_cmdline_state
+kernel
-lib
grub_parser_execute
+kernel
-coreui
-nmenu
-widget
grub_parser_split_cmdline
+kernel
-lib
-lua
grub_partition_get_name
+kernel
-lib
grub_partition_iterate
+kernel
-lib
grub_partition_map_list
+kernel
-part_acorn
-part_amiga
-part_apple
-part_bsd
-part_gpt
-part_msdos
-part_sun
-part_sunpc
grub_partition_probe
+kernel
-gptsync
grub_parttool_reg
+parttool
-msdospart
grub_parttool_unregister
+parttool
-msdospart
grub_password_get
+crypto
-nmenu
grub_pci_iterate
+pci
-ata
-lspci
-ohci
-setpci
-uhci
grub_pci_make_address
+pci
-ata
-lspci
-ohci
-setpci
-uhci
grub_pit_wait
+kernel
-xnu
grub_print_device_info
+lib
-coreui
-ls
-nmenu
grub_print_error
+kernel
-ata
-coreui
-gfxmenu
-hashsum
-lib
-linux
-lvm
-multiboot
-multiboot2
-nmenu
-normal
-raid
-sh
-xnu
grub_print_ucs4
+lib
-help
-nmenu
grub_printf
+kernel
-915resolution
-biosdisk
-blocklist
-bsd
-cat
-charset
-coreui
-crc
-date
-drivemap
-echo
-efiemu
-extcmd
-font
-functional_test
-geom
-gettext
-gptsync
-handler
-hashsum
-hdparm
-hello
-help
-iorw
-lib
-linux
-linux16
-loadenv
-ls
-lsmmap
-lspci
-lua
-memrw
-minicmd
-msdospart
-multiboot
-multiboot2
-nmenu
-normal
-parttool
-probe
-reiserfs
-search_fs_file
-search_fs_uuid
-search_label
-setpci
-sh
-sleep
-terminal
-terminfo
-time
-usb_keyboard
-usbtest
-vbeinfo
-vbetest
-videotest
-xnu
-xnu_uuid
grub_printf_
+kernel
-lib
-nmenu
grub_prio_list_insert
+kernel
grub_putchar
+kernel
-cat
-crypto
-extcmd
-gfxterm
-handler
-lib
-ls
-minicmd
-nmenu
-read
-serial
grub_putcode
+kernel
-help
-lib
-nmenu
-normal
-terminfo
-txtrgn
grub_puts
+kernel
-nmenu
grub_puts_
+kernel
-nmenu
-terminal
grub_puts_terminal
+normal
-nmenu
grub_pxe_call
+kernel
-pxe
grub_pxe_pxenv
+pxe
-pxecmd
grub_pxe_scan
+kernel
-pxe
grub_pxe_unload
+pxe
-pxecmd
grub_raid5_recover_func
+raid
-raid5rec
grub_raid6_recover_func
+raid
-raid6rec
grub_raid_block_xor
+raid
-raid5rec
-raid6rec
grub_raid_register
+raid
-dm_nv
-mdraid
grub_raid_unregister
+raid
-dm_nv
-mdraid
grub_real_dprintf
+kernel
-acpi
-affs
-at_keyboard
-ata
-ata_pthru
-bsd
-drivemap
-efiemu
-elf
-fat
-gcry_serpent
-gettext
-keystatus
-linux
-memdisk
-mmap
-multiboot
-multiboot2
-ohci
-part_apple
-part_gpt
-part_msdos
-play
-raid
-reiserfs
-relocator
-scsi
-sh
-uhci
-usb
-usb_keyboard
-usbms
-vga
-xnu
grub_realloc
+kernel
-biosdisk
-coreui
-efiemu
-extcmd
-iso9660
-lib
-loadbin
-lua
-nmenu
-read
-regexp
-relocator
-sh
-terminfo
-video_fb
-xfs
-xnu
grub_reboot
+kernel
-reboot
grub_refresh
+kernel
-cat
-crypto
-ls
-lua
-minicmd
-nmenu
grub_reg_cmd
+kernel
-915resolution
-blocklist
-boot
-bsd
-cat
-chain
-cmp
-configfile
-crc
-date
-efiemu
-emenu
-extcmd
-font
-geom
-gettext
-gptsync
-handler
-iorw
-linux
-linux16
-loadbin
-loadcfg
-lsmmap
-memrw
-minicmd
-mmap
-multiboot
-multiboot2
-normal
-parttool
-password
-password_pbkdf2
-play
-pxecmd
-read
-reboot
-regexp
-search_fs_file
-search_fs_uuid
-search_label
-terminal
-terminfo
-test
-time
-true
-usbtest
-vbeinfo
-vbetest
-videotest
-vmenu
-xnu
-xnu_uuid
grub_reg_ecmd
+extcmd
-acpi
-bsd
-cpuid
-dd
-drivemap
-echo
-emenu
-functional_test
-gfxterm
-halt
-hashsum
-hdparm
-hello
-help
-hexdump
-iorw
-keystatus
-loadenv
-loopback
-ls
-lspci
-memrw
-probe
-search
-serial
-setpci
-sleep
-xnu
grub_register_variable_hook
+kernel
-datehook
-gettext
-lib
-nmenu
-normal
-pxe
grub_relocator16_alloc
+relocator16
-loadbin
grub_relocator16_boot
+relocator16
-loadbin
grub_relocator32_alloc
+relocator
-multiboot
-multiboot2
-relocator16
-xnu
grub_relocator32_boot
+relocator
-multiboot
-multiboot2
-relocator16
-xnu
grub_relocator32_free
+relocator
-loadbin
-multiboot
-multiboot2
grub_relocator32_realloc
+relocator
-multiboot
-multiboot2
-xnu
grub_scsi_dev_register
+scsi
-ata
-usbms
grub_scsi_dev_unregister
+scsi
-ata
-usbms
grub_search_fs_file
+search_fs_file
-search
grub_search_fs_uuid
+search_fs_uuid
-search
grub_search_label
+search_label
-search
grub_set_datetime
+datetime
-date
grub_set_more
+normal
-nmenu
grub_setcolorstate
+kernel
-cat
-lua
-minicmd
-normal
grub_setjmp
+setjmp
-lua
grub_snprintf
+kernel
-ata
-biosdisk
-datehook
-emenu
-iorw
-lib
-ls
-lua
-memrw
-nmenu
-pxe
-setpci
-sh
-terminfo
-vmenu
-xnu
-xnu_uuid
grub_stop
+kernel
grub_stop_floppy
+kernel
grub_stpcpy
+kernel
-gfxmenu
-linux
-linux16
-multiboot
-multiboot2
grub_strchr
+kernel
-bsd
-cpio
-efiemu
-extcmd
-fat
-fshelp
-gfxmenu
-gptsync
-hfs
-jfs
-lib
-loadbin
-ls
-lua
-lvm
-minix
-nmenu
-normal
-parttool
-password_pbkdf2
-sh
-tar
-test
-ufs1
-ufs2
-video
-widget
-xnu
grub_strcmp
+kernel
-915resolution
-acpi
-ata
-biosdisk
-bitmap
-bsd
-chain
-cpio
-datehook
-efiemu
-emenu
-font
-fshelp
-gettext
-gfxmenu
-gfxterm
-gptsync
-hashsum
-hexdump
-jfs
-lib
-linux
-linux16
-loopback
-lua
-lvm
-memdisk
-minix
-nmenu
-part_amiga
-parttool
-pxe
-raid
-regexp
-reiserfs
-search_label
-serial
-sh
-tar
-terminal
-terminfo
-test
-ufs1
-ufs2
-video
-widget
-xnu
grub_strcpy
+kernel
-bsd
-coreui
-gfxmenu
-hfs
-lib
-loadenv
-lua
-minix
-nmenu
-normal
-pxe
-sh
-ufs1
-ufs2
-vmenu
-widget
-xnu
grub_strdup
+kernel
-acpi
-bsd
-coreui
-efiemu
-fat
-font
-functional_test
-gettext
-gfxmenu
-hfs
-lib
-loopback
-lua
-multiboot
-multiboot2
-nmenu
-normal
-parttool
-scsi
-sfs
-sh
-tar
-terminfo
-test
-udf
-ufs2
-usbms
-video
-widget
-xnu
grub_strlen
+kernel
-bitmap
-bsd
-charset
-coreui
-cpio
-dd
-efiemu
-extcmd
-fat
-fb
-fshelp
-gfxmenu
-gfxrgn
-gptsync
-hdparm
-help
-hexdump
-hfs
-hfsplus
-iso9660
-jfs
-lib
-linux
-linux16
-loadenv
-ls
-lua
-lvm
-minix
-multiboot
-multiboot2
-nmenu
-normal
-parttool
-password
-password_pbkdf2
-probe
-pxe
-regexp
-scsi
-setpci
-sfs
-sh
-tar
-terminfo
-test
-txtrgn
-ufs1
-ufs2
-widget
-xnu
grub_strncmp
+kernel
-affs
-coreui
-extcmd
-fat
-help
-hfsplus
-iso9660
-jfs
-lib
-lvm
-parttool
-pxe
-setpci
-sfs
-usbms
-xfs
grub_strncpy
+kernel
-acpi
-bsd
-ext2
-fshelp
-hfs
-iso9660
-jfs
-lua
-sh
-xnu
grub_strndup
+kernel
-affs
-afs
-afs_be
-befs
-befs_be
-ext2
-hfs
-iso9660
-jfs
-ls
-nilfs2
-xfs
grub_strrchr
+kernel
-bsd
-fb
-iso9660
-lib
-ls
-test
-xnu
grub_strstr
+kernel
-lib
-lua
-lvm
grub_strtoul
+kernel
-915resolution
-acpi
-biosdisk
-boot
-bsd
-coreui
-date
-dd
-drivemap
-efiemu
-emenu
-gfxmenu
-gptsync
-hdparm
-hexdump
-iorw
-linux
-linux16
-loadbin
-lua
-lvm
-memrw
-minicmd
-msdospart
-nmenu
-password_pbkdf2
-play
-pxe
-serial
-setpci
-sleep
-tar
-test
-usbms
-vbeinfo
-vbetest
-video
-widget
grub_strtoull
+kernel
-coreui
-dd
-efiemu
-emenu
-extcmd
-gfxmenu
-hexdump
-lib
-mmap
-widget
-xnu_uuid
grub_strword
+kernel
-acpi
-lib
-xnu
grub_term_input_autoload
+normal
-terminal
grub_term_inputs
+kernel
-at_keyboard
-keystatus
-serial
-terminal
-usb_keyboard
grub_term_inputs_disabled
+kernel
-at_keyboard
-serial
-terminal
-usb_keyboard
grub_term_output_autoload
+normal
-terminal
grub_term_outputs
+kernel
-coreui
-emenu
-gfxmenu
-gfxterm
-help
-linux
-lua
-nmenu
-normal
-serial
-terminal
-vga_text
grub_term_outputs_disabled
+kernel
-coreui
-emenu
-gfxterm
-serial
-terminal
-vga_text
grub_term_restore_pos
+normal
-sleep
grub_term_save_pos
+normal
-sleep
grub_terminfo_cls
+terminfo
-serial
grub_terminfo_cursor_off
+terminfo
-serial
grub_terminfo_cursor_on
+terminfo
-serial
grub_terminfo_gotoxy
+terminfo
-serial
grub_terminfo_reverse_video_off
+terminfo
-serial
grub_terminfo_reverse_video_on
+terminfo
-serial
grub_test_nonzero
+functional_test
-example_functional_test
grub_test_register
+functional_test
-example_functional_test
grub_test_unregister
+functional_test
-example_functional_test
grub_tree_add_child
+lib
-emenu
-vmenu
-widget
grub_tree_add_sibling
+lib
grub_tree_next_node
+lib
-emenu
-widget
grub_tree_remove_node
+lib
-emenu
-loadcfg
-vmenu
-widget
grub_trig_costab
+trig
-coreui
-gfxmenu
grub_trig_sintab
+trig
-coreui
-gfxmenu
grub_ucs4_to_utf8_alloc
+charset
-coreui
-nmenu
grub_uitree_clone
+lib
-emenu
-widget
grub_uitree_create_node
+lib
-emenu
-vmenu
grub_uitree_dump
+lib
-loadcfg
grub_uitree_find
+lib
-emenu
-loadcfg
-vmenu
-widget
grub_uitree_find_id
+lib
-emenu
-widget
grub_uitree_free
+lib
-emenu
-loadcfg
-vmenu
-widget
grub_uitree_get_prop
+lib
-emenu
-widget
grub_uitree_load_file
+lib
-emenu
-loadcfg
grub_uitree_load_string
+lib
-emenu
-loadcfg
grub_uitree_root
+lib
-emenu
-loadcfg
-vmenu
-widget
grub_uitree_set_prop
+lib
-coreui
-emenu
-vmenu
-widget
grub_unixtime2datetime
+lib
-ls
grub_unregister_command
+kernel
-915resolution
-blocklist
-boot
-bsd
-cat
-chain
-cmp
-configfile
-crc
-date
-efiemu
-emenu
-extcmd
-font
-geom
-gptsync
-handler
-iorw
-linux
-linux16
-loadbin
-loadcfg
-lsmmap
-memrw
-minicmd
-mmap
-multiboot
-multiboot2
-normal
-parttool
-password
-password_pbkdf2
-play
-pxecmd
-read
-reboot
-regexp
-search_fs_file
-search_fs_uuid
-search_label
-terminal
-terminfo
-test
-time
-true
-usbtest
-vbeinfo
-vbetest
-videotest
-vmenu
-xnu
-xnu_uuid
grub_unregister_extcmd
+extcmd
-acpi
-bsd
-cpuid
-dd
-drivemap
-echo
-emenu
-functional_test
-gfxterm
-halt
-hashsum
-hdparm
-hello
-help
-hexdump
-iorw
-keystatus
-loadenv
-loopback
-ls
-lspci
-memrw
-probe
-search
-serial
-setpci
-sleep
-xnu
grub_usb_bulk_read
+usb
-usbms
grub_usb_bulk_write
+usb
-usbms
grub_usb_clear_halt
+usb
-usbms
grub_usb_control_msg
+usb
-usb_keyboard
-usbms
-usbtest
grub_usb_controller_dev_register
+usb
-ohci
-uhci
grub_usb_controller_dev_unregister
+usb
-ohci
-uhci
grub_usb_iterate
+usb
-usb_keyboard
-usbms
-usbtest
grub_usb_set_configuration
+usb
-usbms
grub_utf8_to_ucs4
+kernel
-charset
-font
-nmenu
-normal
grub_utf8_to_ucs4_alloc
+charset
-coreui
-help
-nmenu
grub_utf8_to_utf16
+charset
-efiemu
-xnu
grub_vbe_bios_get_controller_info
+kernel
-linux
-vbe
grub_vbe_bios_get_display_start
+kernel
grub_vbe_bios_get_memory_window
+kernel
grub_vbe_bios_get_mode
+kernel
-multiboot2
-vbe
grub_vbe_bios_get_mode_info
+kernel
-multiboot2
-vbe
grub_vbe_bios_get_scanline_length
+kernel
grub_vbe_bios_getset_dac_palette_width
+kernel
-linux
grub_vbe_bios_set_display_start
+kernel
-vbe
grub_vbe_bios_set_memory_window
+kernel
grub_vbe_bios_set_mode
+kernel
-vbe
grub_vbe_bios_set_palette_data
+kernel
-vbe
grub_vbe_bios_set_scanline_length
+kernel
grub_vbe_get_video_mode
+vbe
-vbetest
grub_vbe_get_video_mode_info
+vbe
-vbeinfo
-vbetest
-vmenu
grub_vbe_probe
+vbe
-vbeinfo
-vbetest
-vmenu
grub_vbe_set_video_mode
+vbe
-vbetest
grub_vga_set_mode
+kernel
-vga
grub_video_adapter_list
+video
-vbe
-vga
grub_video_bitmap_create
+bitmap
-bitmap_scale
-gfxrgn
-jpeg
-png
-tga
grub_video_bitmap_create_scaled
+bitmap_scale
-gfxmenu
-gfxrgn
-gfxterm
-xnu
grub_video_bitmap_destroy
+bitmap
-bitmap_scale
-gfxmenu
-gfxrgn
-gfxterm
-jpeg
-png
-tga
grub_video_bitmap_get_data
+bitmap
grub_video_bitmap_get_height
+bitmap
-gfxmenu
-gfxterm
grub_video_bitmap_get_width
+bitmap
-gfxmenu
-gfxterm
grub_video_bitmap_load
+bitmap
-gfxmenu
-gfxrgn
-gfxterm
-xnu
grub_video_bitmap_reader_register
+bitmap
-jpeg
-png
-tga
grub_video_bitmap_reader_unregister
+bitmap
-jpeg
-png
-tga
grub_video_blit_bitmap
+video
-font
-gfxmenu
-gfxrgn
-gfxterm
-xnu
grub_video_blit_render_target
+video
-gfxterm
-videotest
grub_video_create_render_target
+video
-gfxterm
-videotest
grub_video_delete_render_target
+video
-gfxterm
-videotest
grub_video_fb_blit_bitmap
+video_fb
-vbe
-vga
grub_video_fb_blit_render_target
+video_fb
-vbe
-vga
grub_video_fb_create_render_target
+video_fb
-vbe
-vga
grub_video_fb_create_render_target_from_pointer
+video_fb
-vbe
-vga
grub_video_fb_delete_render_target
+video_fb
-vbe
-vga
grub_video_fb_doublebuf_blit_init
+video_fb
-vbe
grub_video_fb_fill_rect
+video_fb
-vbe
-vga
grub_video_fb_fini
+video_fb
-vbe
-vga
grub_video_fb_get_active_render_target
+video_fb
-vbe
-vga
grub_video_fb_get_info
+video_fb
-vbe
-vga
grub_video_fb_get_palette
+video_fb
-vbe
-vga
grub_video_fb_get_viewport
+video_fb
-vbe
-vga
grub_video_fb_init
+video_fb
-vbe
grub_video_fb_map_color
+video_fb
-vbe
-vga
grub_video_fb_map_rgb
+video_fb
-vbe
-vga
grub_video_fb_map_rgba
+video_fb
-vbe
-vga
grub_video_fb_scroll
+video_fb
-vbe
-vga
grub_video_fb_set_active_render_target
+video_fb
-vbe
-vga
grub_video_fb_set_palette
+video_fb
-vbe
-vga
grub_video_fb_set_viewport
+video_fb
-vbe
-vga
grub_video_fb_unmap_color
+video_fb
-vbe
-vga
grub_video_fbblit
+video_fb
-bitmap_scale
-gfxrgn
grub_video_fbblit_map_rgb
+video_fb
grub_video_fbblit_map_rgba
+video_fb
-bitmap_scale
grub_video_fbfill
+video_fb
-bitmap_scale
grub_video_fbstd_colors
+video_fb
-vbe
-vga
grub_video_fill_rect
+video
-gfxmenu
-gfxrgn
-gfxterm
-videotest
grub_video_get_active_render_target
+video
-gfxterm
grub_video_get_blit_format
+video
-vbe
-vga
-video_fb
grub_video_get_driver_id
+video
-multiboot
-multiboot2
grub_video_get_info
+video
-gfxmenu
-gfxrgn
-gfxterm
-xnu
grub_video_get_info_and_fini
+video
-linux
-multiboot
-multiboot2
-xnu
grub_video_get_palette
+video
-multiboot
-multiboot2
grub_video_get_viewport
+video
-gfxmenu
-gfxterm
-videotest
grub_video_map_color
+video
-gfxrgn
-gfxterm
-videotest
grub_video_map_rgb
+video
-gfxmenu
-gfxrgn
-gfxterm
-videotest
grub_video_map_rgba
+video
-gfxmenu
-gfxterm
grub_video_restore
+video
-gfxrgn
-gfxterm
-vbetest
-videotest
grub_video_scroll
+video
-gfxterm
grub_video_set_active_render_target
+video
-gfxmenu
-gfxterm
-videotest
grub_video_set_mode
+video
-bsd
-chain
-gfxrgn
-gfxterm
-linux
-linux16
-loadbin
-multiboot
-multiboot2
-videotest
-xnu
grub_video_set_viewport
+video
-gfxmenu
-gfxrgn
-gfxterm
-videotest
grub_video_swap_buffers
+video
-gfxmenu
-gfxterm
-videotest
grub_video_unmap_color
+video
-bitmap_scale
-font
grub_video_update_rect
+video
-gfxrgn
grub_vprintf
+kernel
grub_vsnprintf
+kernel
grub_wait_after_message
+lib
-linux
-nmenu
grub_widget_class_list
+widget
-coreui
grub_widget_create
+widget
-emenu
grub_widget_current_node
+widget
-emenu
grub_widget_draw
+widget
-coreui
-emenu
grub_widget_draw_region
+widget
-coreui
grub_widget_free
+widget
-emenu
grub_widget_get_prop
+widget
-coreui
grub_widget_init
+widget
-emenu
grub_widget_input
+widget
-emenu
grub_widget_refresh
+widget
-coreui
-emenu
grub_widget_screen
+widget
-emenu
grub_widget_select_node
+widget
-emenu
grub_xasprintf
+kernel
-bsd
-efiemu
-emenu
-ext2
-fat
-font
-gettext
-gfxmenu
-gfxrgn
-gfxterm
-hashsum
-help
-hfs
-hfsplus
-iso9660
-jfs
-lib
-linux
-ls
-multiboot
-multiboot2
-nilfs2
-nmenu
-normal
-ntfs
-parttool
-pxe
-raid
-reiserfs
-scsi
-search_fs_file
-ufs1
-ufs2
-usbms
-xfs
-xnu
grub_xvasprintf
+kernel
-functional_test
grub_zalloc
+kernel
-afs
-afs_be
-befs
-befs_be
-bitmap
-crypto
-dd
-efiemu
-elf
-extcmd
-gettext
-gfxmenu
-gzio
-iso9660
-jfs
-jpeg
-lib
-nmenu
-ntfs
-part_sun
-part_sunpc
-parttool
-password
-png
-pxe
-raid6rec
-regexp
-sh
-uhci
-usb
-usbms
-widget
-xfs
-xnu
hexdump
+lib
-hdparm
-hexdump
